// Jest Snapshot v1, https://goo.gl/fbAQLP

exports[`should render an ExpenseListItem with data from fixture 1`] = `
<div>
  <Link
    to="/edit/2"
  >
    <h2>
      rent
    </h2>
  </Link>
  <p>
    Amount: 
    19500
  </p>
  <p>
    Created at: 
    -345600000
  </p>
</div>
`;
